C:\Users\Rafael\Documents\UNIFEI\2024.1\TFG\TFG2024\Temp\Includes\AS_TempDecl\Config1\GlobalComponents\McElements.var
C:\Users\Rafael\Documents\UNIFEI\2024.1\TFG\TFG2024\Logical\Global.typ
C:\Users\Rafael\Documents\UNIFEI\2024.1\TFG\TFG2024\Logical\Global.var
C:\Users\Rafael\Documents\UNIFEI\2024.1\TFG\TFG2024\Logical\Libraries\operator\operator.fun
C:\Users\Rafael\Documents\UNIFEI\2024.1\TFG\TFG2024\Logical\Libraries\operator\operator.typ
C:\Users\Rafael\Documents\UNIFEI\2024.1\TFG\TFG2024\Logical\Libraries\operator\operator.var
C:\Users\Rafael\Documents\UNIFEI\2024.1\TFG\TFG2024\Logical\Libraries\runtime\runtime.fun
C:\Users\Rafael\Documents\UNIFEI\2024.1\TFG\TFG2024\Logical\Libraries\runtime\runtime.typ
C:\Users\Rafael\Documents\UNIFEI\2024.1\TFG\TFG2024\Logical\Libraries\runtime\runtime.var
C:\Users\Rafael\Documents\UNIFEI\2024.1\TFG\TFG2024\Logical\Libraries\astime\astime.fun
C:\Users\Rafael\Documents\UNIFEI\2024.1\TFG\TFG2024\Logical\Libraries\astime\astime.typ
C:\Users\Rafael\Documents\UNIFEI\2024.1\TFG\TFG2024\Logical\Libraries\astime\astime.var
C:\Users\Rafael\Documents\UNIFEI\2024.1\TFG\TFG2024\Logical\Libraries\AsIecCon\AsIecCon.fun
C:\Users\Rafael\Documents\UNIFEI\2024.1\TFG\TFG2024\Logical\Libraries\AsIecCon\AsIecCon.typ
C:\Users\Rafael\Documents\UNIFEI\2024.1\TFG\TFG2024\Logical\Libraries\AsIecCon\AsIecCon.var
C:\Users\Rafael\Documents\UNIFEI\2024.1\TFG\TFG2024\Logical\Libraries\McBase\McBase.typ
C:\Users\Rafael\Documents\UNIFEI\2024.1\TFG\TFG2024\Logical\Libraries\McBase\McBase.fun
C:\Users\Rafael\Documents\UNIFEI\2024.1\TFG\TFG2024\Logical\Libraries\McBase\McBase.var
C:\Users\Rafael\Documents\UNIFEI\2024.1\TFG\TFG2024\Logical\Libraries\McBase\McBaseCfg.typ
C:\Users\Rafael\Documents\UNIFEI\2024.1\TFG\TFG2024\Logical\Libraries\MpBase\MpBase.var
C:\Users\Rafael\Documents\UNIFEI\2024.1\TFG\TFG2024\Logical\Libraries\MpBase\MpBase.typ
C:\Users\Rafael\Documents\UNIFEI\2024.1\TFG\TFG2024\Logical\Libraries\MpBase\MpBase.fun
C:\Users\Rafael\Documents\UNIFEI\2024.1\TFG\TFG2024\Logical\Libraries\MpAxis\MpAxis.fun
C:\Users\Rafael\Documents\UNIFEI\2024.1\TFG\TFG2024\Logical\Libraries\MpAxis\MpAxis.typ
C:\Users\Rafael\Documents\UNIFEI\2024.1\TFG\TFG2024\Logical\Libraries\MpAxis\MpAxisError.typ
C:\Users\Rafael\Documents\UNIFEI\2024.1\TFG\TFG2024\Logical\Libraries\McAxis\McAxis.typ
C:\Users\Rafael\Documents\UNIFEI\2024.1\TFG\TFG2024\Logical\Libraries\McAxis\McAxis.fun
C:\Users\Rafael\Documents\UNIFEI\2024.1\TFG\TFG2024\Logical\Libraries\McAxis\McAxis.var
C:\Users\Rafael\Documents\UNIFEI\2024.1\TFG\TFG2024\Logical\Libraries\McAxis\McAxisCfg.typ
C:\Users\Rafael\Documents\UNIFEI\2024.1\TFG\TFG2024\Logical\Libraries\McAcpAx\McAcpAx.typ
C:\Users\Rafael\Documents\UNIFEI\2024.1\TFG\TFG2024\Logical\Libraries\McAcpAx\McAcpAx.fun
C:\Users\Rafael\Documents\UNIFEI\2024.1\TFG\TFG2024\Logical\Libraries\McAcpAx\McAcpAx.var
C:\Users\Rafael\Documents\UNIFEI\2024.1\TFG\TFG2024\Logical\Libraries\McAcpAx\McAcpAxCfg.typ
